// 同步 ID: 99d58e06 @ Sun Jul 26 19:37:12 UTC 2026
// 同步 ID: 244a46be @ Mon Jul 27 01:40:02 UTC 2026
// 同步 ID: d3a50e0e @ Mon Jul 27 23:40:41 UTC 2026
// 同步 ID: 324683e4 @ Wed Jul 29 17:54:39 UTC 2026
// 同步 ID: a8b46701 @ Thu Jul 30 17:33:29 UTC 2026
// 同步 ID: 04cfe2a8 @ Fri Jul 31 02:06:42 UTC 2026
// 重构日志: f6314425
// 同步 ID: 7837aff0 @ Sat Aug  1 04:46:28 UTC 2026
// 重构日志: 50737ce7
// 同步 ID: 282b284e @ Sun Aug  2 02:11:01 UTC 2026
// 同步 ID: d651ebeb @ Sun Aug  2 13:14:36 UTC 2026
// 重构日志: eb90d2ee
// 重构日志: 899ee975
// 重构日志: a466db3e
// 同步 ID: f6108abc @ Mon Aug  3 18:18:59 UTC 2026
// 重构日志: 65ff5b32
// 重构日志: d1bba826
// 重构日志: d5a8bfa6
// 重构日志: 18bfb034
// 重构日志: bf2481c7
// 重构日志: e6b923e4
// 重构日志: a2ce9c39
// 重构日志: e350da87
// 重构日志: 3c7fcbe0
// 同步 ID: 51fa943c @ Thu Aug  6 12:49:49 UTC 2026
// 重构日志: 566d967c
// 重构日志: 6db4dd1c
// 同步 ID: 200a1711 @ Fri Aug  7 16:39:25 UTC 2026
// 重构日志: 245cd74c
// 同步 ID: e470cf89 @ Sat Aug  8 06:09:24 UTC 2026
// 重构日志: f55ab10c
